[robosuite WARNING] No private macro file found! (__init__.py:7)
[robosuite WARNING] It is recommended to use a private macro file (__init__.py:8)
[robosuite WARNING] To setup, run: python /home/icon/InteractivePerception_yg/Interactive-Perception/.venv/lib/python3.10/site-packages/robosuite/scripts/setup_macros.py (__init__.py:9)
Gym has been unmaintained since 2022 and does not support NumPy 2.0 amongst other critical functionality.
Please upgrade to Gymnasium, the maintained drop-in replacement of Gym, or contact the authors of your software and request that they upgrade.
See the migration guide at https://gymnasium.farama.org/introduction/migration_guide/ for additional information.
WARNING:imageio_ffmpeg:IMAGEIO FFMPEG_WRITER WARNING: input image is not divisible by macro_block_size=16, resizing from (452, 224) to (464, 224) to ensure video compatibility with most codecs and players. To prevent resizing, make your input image divisible by the macro_block_size or set the macro_block_size to 1 (risking incompatibility).
{
  "output": "runs/piu_open_primitive_qualification_v1/00010_2da7849cc2b1/semantic_report.json",
  "seed": 26081859,
  "role": "PIU_QUALIFY_OPEN",
  "prompt": "Open the middle drawer below the countertop.",
  "subtask_steps": 300,
  "return_phase": "COMPLETE",
  "task_success": false,
  "target_reached_destination": false,
  "target_visibility_pixels": {
    "initial": {
      "agentview": 0,
      "robot0_eye_in_hand": 0
    },
    "after_subtask": {
      "agentview": 327,
      "robot0_eye_in_hand": 0
    },
    "final": {
      "agentview": 327,
      "robot0_eye_in_hand": 666
    }
  },
  "target_grasp_contact_success": false,
  "target_maximum_lift_m": 0.0
}
{
  "schema_version": "piu.primitive-qualification-execution.v1",
  "execution_index": 10,
  "initial_state_group": "open_middle_drawer_qualification_047",
  "simulator_seed": 26081859,
  "candidate_id": "open_middle_drawer",
  "primitive": "OPEN",
  "context": "middle_drawer",
  "source_state_sha256": "014db8707b5fbbd95525127d14126475efff1554caf320a6c73750966256cc99",
  "controller_report_sha256": "3732b7289dc82000ff3442b6d11d7efe3b45ef1b155a9411db70965c84ca5d0d",
  "structured_subtask_sha256": "bcc877a023f12704bd2c27a454a9bb6f14be8ac74afd4132a72a7757c58f1fb7",
  "schedule": {
    "path": "results/method/piu_open_primitive_qualification_schedule_v1.json",
    "sha256": "45d41b75fd982b977a0c9c5f82f63c2f33b686fd1512308cacf3cc690847e762"
  },
  "attempt": {
    "path": "runs/piu_open_primitive_qualification_v1/00010_2da7849cc2b1/started.json",
    "sha256": "4c1cefb67e5596d7ce3d3e93cdb58a1579fd8d226af76ad6891cdaca2a8fa7d6"
  },
  "status": "COMPLETED",
  "semantic_report": {
    "path": "runs/piu_open_primitive_qualification_v1/00010_2da7849cc2b1/semantic_report.json",
    "sha256": "600a02ff5038b6a04cb6a6bfad9d4899b00954e64e9dab7edfc4e01ab1006d79"
  },
  "failure": null
}
