[robosuite WARNING] No private macro file found! (__init__.py:7)
[robosuite WARNING] It is recommended to use a private macro file (__init__.py:8)
[robosuite WARNING] To setup, run: python /home/icon/InteractivePerception_yg/Interactive-Perception/.venv/lib/python3.10/site-packages/robosuite/scripts/setup_macros.py (__init__.py:9)
Gym has been unmaintained since 2022 and does not support NumPy 2.0 amongst other critical functionality.
Please upgrade to Gymnasium, the maintained drop-in replacement of Gym, or contact the authors of your software and request that they upgrade.
See the migration guide at https://gymnasium.farama.org/introduction/migration_guide/ for additional information.
WARNING:imageio_ffmpeg:IMAGEIO FFMPEG_WRITER WARNING: input image is not divisible by macro_block_size=16, resizing from (452, 224) to (464, 224) to ensure video compatibility with most codecs and players. To prevent resizing, make your input image divisible by the macro_block_size or set the macro_block_size to 1 (risking incompatibility).
{
  "output": "runs/piu_open_primitive_qualification_v1/00095_40b107c86a61/semantic_report.json",
  "seed": 26081917,
  "role": "PIU_QUALIFY_OPEN",
  "prompt": "Open the middle drawer below the countertop.",
  "subtask_steps": 300,
  "return_phase": "COMPLETE",
  "task_success": false,
  "target_reached_destination": false,
  "target_visibility_pixels": {
    "initial": {
      "agentview": 0,
      "robot0_eye_in_hand": 0
    },
    "after_subtask": {
      "agentview": 319,
      "robot0_eye_in_hand": 0
    },
    "final": {
      "agentview": 320,
      "robot0_eye_in_hand": 940
    }
  },
  "target_grasp_contact_success": false,
  "target_maximum_lift_m": 0.0
}
{
  "schema_version": "piu.primitive-qualification-execution.v1",
  "execution_index": 95,
  "initial_state_group": "open_middle_drawer_qualification_105",
  "simulator_seed": 26081917,
  "candidate_id": "open_middle_drawer",
  "primitive": "OPEN",
  "context": "middle_drawer",
  "source_state_sha256": "a0c7d5bbf3d606a16f646d326ba4981a8cd909475f692bd207e162bfa5ccb7d4",
  "controller_report_sha256": "5fff927681124eaef4db1b088237a891ae45c3309cd80cef24b2fea0de685027",
  "structured_subtask_sha256": "bcc877a023f12704bd2c27a454a9bb6f14be8ac74afd4132a72a7757c58f1fb7",
  "schedule": {
    "path": "results/method/piu_open_primitive_qualification_schedule_v1.json",
    "sha256": "45d41b75fd982b977a0c9c5f82f63c2f33b686fd1512308cacf3cc690847e762"
  },
  "attempt": {
    "path": "runs/piu_open_primitive_qualification_v1/00095_40b107c86a61/started.json",
    "sha256": "c1425ea8292c61decacf202bd2d7d8c788df25447bc4552726ee6428eede037b"
  },
  "status": "COMPLETED",
  "semantic_report": {
    "path": "runs/piu_open_primitive_qualification_v1/00095_40b107c86a61/semantic_report.json",
    "sha256": "a33d11533c503797a60948a9231a2cd13a0c9bb180e2c51a5f5ac4a58c72ef66"
  },
  "failure": null
}
