[robosuite WARNING] No private macro file found! (__init__.py:7)
[robosuite WARNING] It is recommended to use a private macro file (__init__.py:8)
[robosuite WARNING] To setup, run: python /home/icon/InteractivePerception_yg/Interactive-Perception/.venv/lib/python3.10/site-packages/robosuite/scripts/setup_macros.py (__init__.py:9)
Gym has been unmaintained since 2022 and does not support NumPy 2.0 amongst other critical functionality.
Please upgrade to Gymnasium, the maintained drop-in replacement of Gym, or contact the authors of your software and request that they upgrade.
See the migration guide at https://gymnasium.farama.org/introduction/migration_guide/ for additional information.
WARNING:imageio_ffmpeg:IMAGEIO FFMPEG_WRITER WARNING: input image is not divisible by macro_block_size=16, resizing from (452, 224) to (464, 224) to ensure video compatibility with most codecs and players. To prevent resizing, make your input image divisible by the macro_block_size or set the macro_block_size to 1 (risking incompatibility).
{
  "output": "runs/piu_open_primitive_qualification_v1/00082_e3e2b81786f1/semantic_report.json",
  "seed": 26081870,
  "role": "PIU_QUALIFY_OPEN",
  "prompt": "Open the middle drawer below the countertop.",
  "subtask_steps": 300,
  "return_phase": "COMPLETE",
  "task_success": false,
  "target_reached_destination": false,
  "target_visibility_pixels": {
    "initial": {
      "agentview": 0,
      "robot0_eye_in_hand": 0
    },
    "after_subtask": {
      "agentview": 216,
      "robot0_eye_in_hand": 1335
    },
    "final": {
      "agentview": 323,
      "robot0_eye_in_hand": 601
    }
  },
  "target_grasp_contact_success": false,
  "target_maximum_lift_m": 0.0
}
{
  "schema_version": "piu.primitive-qualification-execution.v1",
  "execution_index": 82,
  "initial_state_group": "open_middle_drawer_qualification_058",
  "simulator_seed": 26081870,
  "candidate_id": "open_middle_drawer",
  "primitive": "OPEN",
  "context": "middle_drawer",
  "source_state_sha256": "48ea9bc576b1329cd7c0645767b2f5bde23bdb97ba8bdc7843faff1df9aa2a7b",
  "controller_report_sha256": "1ac435307f3bcb55e80c894393b73b4f107b80213713072f5b25e32dd25217d8",
  "structured_subtask_sha256": "bcc877a023f12704bd2c27a454a9bb6f14be8ac74afd4132a72a7757c58f1fb7",
  "schedule": {
    "path": "results/method/piu_open_primitive_qualification_schedule_v1.json",
    "sha256": "45d41b75fd982b977a0c9c5f82f63c2f33b686fd1512308cacf3cc690847e762"
  },
  "attempt": {
    "path": "runs/piu_open_primitive_qualification_v1/00082_e3e2b81786f1/started.json",
    "sha256": "13567f8c59377e31261cb4a6cb35d3aa041a2f657b8d96a349028124342e605f"
  },
  "status": "COMPLETED",
  "semantic_report": {
    "path": "runs/piu_open_primitive_qualification_v1/00082_e3e2b81786f1/semantic_report.json",
    "sha256": "c5b4f775e6c068716bf24ec1e79136f928aa922a4c681c633e98b4a32298e675"
  },
  "failure": null
}
