[robosuite WARNING] No private macro file found! (__init__.py:7)
[robosuite WARNING] It is recommended to use a private macro file (__init__.py:8)
[robosuite WARNING] To setup, run: python /home/icon/InteractivePerception_yg/Interactive-Perception/.venv/lib/python3.10/site-packages/robosuite/scripts/setup_macros.py (__init__.py:9)
Gym has been unmaintained since 2022 and does not support NumPy 2.0 amongst other critical functionality.
Please upgrade to Gymnasium, the maintained drop-in replacement of Gym, or contact the authors of your software and request that they upgrade.
See the migration guide at https://gymnasium.farama.org/introduction/migration_guide/ for additional information.
WARNING:imageio_ffmpeg:IMAGEIO FFMPEG_WRITER WARNING: input image is not divisible by macro_block_size=16, resizing from (452, 224) to (464, 224) to ensure video compatibility with most codecs and players. To prevent resizing, make your input image divisible by the macro_block_size or set the macro_block_size to 1 (risking incompatibility).
{
  "output": "runs/piu_open_primitive_qualification_v1/00107_cd522cd21c14/semantic_report.json",
  "seed": 26081912,
  "role": "PIU_QUALIFY_OPEN",
  "prompt": "Open the middle drawer below the countertop.",
  "subtask_steps": 300,
  "return_phase": "COMPLETE",
  "task_success": false,
  "target_reached_destination": false,
  "target_visibility_pixels": {
    "initial": {
      "agentview": 0,
      "robot0_eye_in_hand": 0
    },
    "after_subtask": {
      "agentview": 324,
      "robot0_eye_in_hand": 0
    },
    "final": {
      "agentview": 326,
      "robot0_eye_in_hand": 677
    }
  },
  "target_grasp_contact_success": false,
  "target_maximum_lift_m": 0.0
}
{
  "schema_version": "piu.primitive-qualification-execution.v1",
  "execution_index": 107,
  "initial_state_group": "open_middle_drawer_qualification_100",
  "simulator_seed": 26081912,
  "candidate_id": "open_middle_drawer",
  "primitive": "OPEN",
  "context": "middle_drawer",
  "source_state_sha256": "e9cc5096d950e325a78c75938a47352816171bc21a8ccbe18fe62086ef3d887b",
  "controller_report_sha256": "e64d922526e61cee6078564cc03ef922c1a103603ac295f4b48a5f1ef2d33261",
  "structured_subtask_sha256": "bcc877a023f12704bd2c27a454a9bb6f14be8ac74afd4132a72a7757c58f1fb7",
  "schedule": {
    "path": "results/method/piu_open_primitive_qualification_schedule_v1.json",
    "sha256": "45d41b75fd982b977a0c9c5f82f63c2f33b686fd1512308cacf3cc690847e762"
  },
  "attempt": {
    "path": "runs/piu_open_primitive_qualification_v1/00107_cd522cd21c14/started.json",
    "sha256": "53a46cb4435c710c15289c1042489ed7e561470f2f6157e8939401e106cabbf2"
  },
  "status": "COMPLETED",
  "semantic_report": {
    "path": "runs/piu_open_primitive_qualification_v1/00107_cd522cd21c14/semantic_report.json",
    "sha256": "d1fddd9f23d5a1de536a26310fb6518473d1e40d879ea28e7c8981b0f5079d07"
  },
  "failure": null
}
