[robosuite WARNING] No private macro file found! (__init__.py:7)
[robosuite WARNING] It is recommended to use a private macro file (__init__.py:8)
[robosuite WARNING] To setup, run: python /home/icon/InteractivePerception_yg/Interactive-Perception/.venv/lib/python3.10/site-packages/robosuite/scripts/setup_macros.py (__init__.py:9)
Gym has been unmaintained since 2022 and does not support NumPy 2.0 amongst other critical functionality.
Please upgrade to Gymnasium, the maintained drop-in replacement of Gym, or contact the authors of your software and request that they upgrade.
See the migration guide at https://gymnasium.farama.org/introduction/migration_guide/ for additional information.
WARNING:imageio_ffmpeg:IMAGEIO FFMPEG_WRITER WARNING: input image is not divisible by macro_block_size=16, resizing from (452, 224) to (464, 224) to ensure video compatibility with most codecs and players. To prevent resizing, make your input image divisible by the macro_block_size or set the macro_block_size to 1 (risking incompatibility).
{
  "output": "runs/piu_open_primitive_qualification_v1/00108_69771b6b9a44/semantic_report.json",
  "seed": 26081842,
  "role": "PIU_QUALIFY_OPEN",
  "prompt": "Open the middle drawer below the countertop.",
  "subtask_steps": 300,
  "return_phase": "COMPLETE",
  "task_success": false,
  "target_reached_destination": false,
  "target_visibility_pixels": {
    "initial": {
      "agentview": 0,
      "robot0_eye_in_hand": 0
    },
    "after_subtask": {
      "agentview": 223,
      "robot0_eye_in_hand": 6607
    },
    "final": {
      "agentview": 316,
      "robot0_eye_in_hand": 747
    }
  },
  "target_grasp_contact_success": false,
  "target_maximum_lift_m": 0.0
}
{
  "schema_version": "piu.primitive-qualification-execution.v1",
  "execution_index": 108,
  "initial_state_group": "open_middle_drawer_qualification_030",
  "simulator_seed": 26081842,
  "candidate_id": "open_middle_drawer",
  "primitive": "OPEN",
  "context": "middle_drawer",
  "source_state_sha256": "bc93e88c1455b8706b4575adccbe7f839fb74f8c4fd975d61aa11e9df401f4e6",
  "controller_report_sha256": "6a2ad686ac2e86ad854e4b29186e7aea90b8f7c866c00556183ea03d52196ea0",
  "structured_subtask_sha256": "bcc877a023f12704bd2c27a454a9bb6f14be8ac74afd4132a72a7757c58f1fb7",
  "schedule": {
    "path": "results/method/piu_open_primitive_qualification_schedule_v1.json",
    "sha256": "45d41b75fd982b977a0c9c5f82f63c2f33b686fd1512308cacf3cc690847e762"
  },
  "attempt": {
    "path": "runs/piu_open_primitive_qualification_v1/00108_69771b6b9a44/started.json",
    "sha256": "5c4a5c109e2ee22178b324626c31c0322d678b41c50d056f85a5a6e2c6e61ea3"
  },
  "status": "COMPLETED",
  "semantic_report": {
    "path": "runs/piu_open_primitive_qualification_v1/00108_69771b6b9a44/semantic_report.json",
    "sha256": "a56a24a019781866eabaad2113ab21e77fec8dec90cefe07d054a8cbfb7ce1ff"
  },
  "failure": null
}
